// Jest Snapshot v1, https://goo.gl/fbAQLP

exports[`DropDownMenu render jest Snapshot testing matches UserDropDownMenu Snapshot 1`] = `
[
  <button
    aria-controls="menu-list-:r1:"
    aria-expanded={false}
    aria-haspopup="menu"
    aria-label="Options"
    className="chakra-button chakra-menu__menu-button css-9mcn5g"
    data-testid="userDropDownMenu"
    id="menu-button-:r1:"
    onClick={[Function]}
    onKeyDown={[Function]}
    type="button"
  >
    <span
      className="chakra-button__icon css-1wh2kri"
    >
      <span
        aria-hidden={true}
        className="chakra-avatar css-1ruhx4w"
        focusable={false}
      >
        <svg
          aria-label=" avatar"
          className="chakra-avatar__svg css-16ite8i"
          role="img"
          viewBox="0 0 128 128"
        >
          <path
            d="M103,102.1388 C93.094,111.92 79.3504,118 64.1638,118 C48.8056,118 34.9294,111.768 25,101.7892 L25,95.2 C25,86.8096 31.981,80 40.6,80 L87.4,80 C96.019,80 103,86.8096 103,95.2 L103,102.1388 Z"
            fill="currentColor"
          />
          <path
            d="M63.9961647,24 C51.2938136,24 41,34.2938136 41,46.9961647 C41,59.7061864 51.2938136,70 63.9961647,70 C76.6985159,70 87,59.7061864 87,46.9961647 C87,34.2938136 76.6985159,24 63.9961647,24"
            fill="currentColor"
          />
        </svg>
      </span>
    </span>
    <span
      aria-hidden={true}
      className="css-xl71ch"
      focusable={false}
    >
      <p
        className="chakra-text css-pfrx0k"
      >
        Dehlela Shabir
      </p>
      <p
        className="chakra-text css-159d3cw"
      >
        Instructor
      </p>
    </span>
  </button>,
  <div
    className="chakra-menu__group"
    role="group"
  >
    <div
      className="css-0"
      style={
        {
          "inset": "0 auto auto 0",
          "minWidth": "max-content",
          "position": "fixed",
          "visibility": "hidden",
        }
      }
    >
      <div
        aria-orientation="vertical"
        className="chakra-menu__menu-list css-a45t2a"
        id="menu-list-:r1:"
        onKeyDown={[Function]}
        role="menu"
        style={
          {
            "opacity": 0,
            "transform": "scale(0.8) translateZ(0)",
            "transformOrigin": "var(--popper-transform-origin)",
            "visibility": "hidden",
          }
        }
        tabIndex={-1}
      >
        <a
          className="chakra-menu__menuitem css-1k756t9"
          href="#"
          id="menu-list-:r1:-menuitem-:r2:"
          onClick={[Function]}
          onFocus={[Function]}
          onMouseEnter={[Function]}
          onMouseLeave={[Function]}
          onMouseMove={[Function]}
          role="menuitem"
          tabIndex={0}
          type="button"
        >
          Profile & account
        </a>
        <hr
          aria-orientation="horizontal"
          className="chakra-menu__divider css-18a7dol"
        />
        <button
          className="chakra-menu__menuitem css-1k756t9"
          id="menu-list-:r1:-menuitem-:r3:"
          onClick={[Function]}
          onFocus={[Function]}
          onMouseEnter={[Function]}
          onMouseLeave={[Function]}
          onMouseMove={[Function]}
          role="menuitem"
          tabIndex={0}
          type="button"
        >
          Logout
        </button>
      </div>
    </div>
  </div>,
]
`;
