// Jest Snapshot v1, https://goo.gl/fbAQLP

exports[`SearchFilter render jest Snapshot testing matches SearchFilter Snapshot 1`] = `
<div
  className="chakra-input__group css-bx0blc"
  data-group={true}
  data-testid="searchFilter"
>
  <div
    className="chakra-input__right-element css-144zh9n"
    size="md"
  >
    <button
      aria-label="Search database"
      className="chakra-button css-1mdyeru"
      type="button"
    >
      <svg
        fill="none"
        height="23"
        viewBox="0 0 23 23"
        width="23"
        xmlns="http://www.w3.org/2000/svg"
      >
        <path
          d="M20.9025 22.1425L13.2825 14.5212C9.8927 16.9311 5.22173 16.3417 2.53697 13.1651C-0.147778 9.98855 0.0493565 5.28465 2.99048 2.34386C5.93082 -0.598208 10.6352 -0.796195 13.8123 1.88842C16.9895 4.57303 17.5793 9.24446 15.1691 12.6345L22.7891 20.2559L20.9038 22.1412L20.9025 22.1425ZM8.64648 2.66651C6.11808 2.66594 3.93673 4.44076 3.42311 6.91644C2.90949 9.39212 4.20476 11.8882 6.52471 12.8935C8.84467 13.8988 11.5517 13.137 13.0068 11.0693C14.4619 9.00156 14.2652 6.19628 12.5358 4.35186L13.3425 5.15186L12.4331 4.2452L12.4171 4.2292C11.4195 3.22543 10.0617 2.6627 8.64648 2.66651Z"
          fill="#F7F8FA"
        />
      </svg>
    </button>
  </div>
  <div
    className="chakra-input__left-element css-13g1oao"
    size="md"
  >
    <label>
      <div
        className="chakra-select__wrapper css-42b2qy"
      >
        <select
          className="chakra-select css-1vpl5d2"
          data-testid="select"
          onBlur={[Function]}
          onChange={[Function]}
          onFocus={[Function]}
        >
          <option
            value="1"
          >
            Filter All
          </option>
          <option
            value="2"
          >
            Option 2
          </option>
          <option
            value="3"
          >
            Option 3
          </option>
        </select>
        <div
          className="chakra-select__icon-wrapper css-162mkon"
        >
          <svg
            aria-hidden={true}
            className="chakra-select__icon"
            focusable={false}
            role="presentation"
            style={
              {
                "color": "currentColor",
                "height": "1em",
                "width": "1em",
              }
            }
            viewBox="0 0 24 24"
          >
            <path
              d="M16.59 8.59L12 13.17 7.41 8.59 6 10l6 6 6-6z"
              fill="currentColor"
            />
          </svg>
        </div>
      </div>
    </label>
  </div>
  <input
    className="chakra-input css-1ixfre5"
    onBlur={[Function]}
    onFocus={[Function]}
    placeholder="Search Course / Question..."
  />
</div>
`;
